###############################################################################
#
# IAR ELF Linker V7.70.1.11437/W32 for ARM                03/Nov/2018  05:40:01
# Copyright 2007-2016 IAR Systems AB.
#
#    Output file  =  D:\FINAL_MAGS\EWARM\FINAL_MAGS\Exe\FINAL_MAGS.out
#    Map file     =  D:\FINAL_MAGS\EWARM\FINAL_MAGS\List\FINAL_MAGS.map
#    Command line =  
#        D:\FINAL_MAGS\EWARM\FINAL_MAGS\Obj\B_ADC.o
#        D:\FINAL_MAGS\EWARM\FINAL_MAGS\Obj\G_servo.o
#        D:\FINAL_MAGS\EWARM\FINAL_MAGS\Obj\GPS.o
#        D:\FINAL_MAGS\EWARM\FINAL_MAGS\Obj\main.o
#        D:\FINAL_MAGS\EWARM\FINAL_MAGS\Obj\main_mot.o
#        D:\FINAL_MAGS\EWARM\FINAL_MAGS\Obj\startup_stm32f103xe.o
#        D:\FINAL_MAGS\EWARM\FINAL_MAGS\Obj\stm32f1xx_hal.o
#        D:\FINAL_MAGS\EWARM\FINAL_MAGS\Obj\stm32f1xx_hal_adc.o
#        D:\FINAL_MAGS\EWARM\FINAL_MAGS\Obj\stm32f1xx_hal_adc_ex.o
#        D:\FINAL_MAGS\EWARM\FINAL_MAGS\Obj\stm32f1xx_hal_can.o
#        D:\FINAL_MAGS\EWARM\FINAL_MAGS\Obj\stm32f1xx_hal_cortex.o
#        D:\FINAL_MAGS\EWARM\FINAL_MAGS\Obj\stm32f1xx_hal_dma.o
#        D:\FINAL_MAGS\EWARM\FINAL_MAGS\Obj\stm32f1xx_hal_flash.o
#        D:\FINAL_MAGS\EWARM\FINAL_MAGS\Obj\stm32f1xx_hal_flash_ex.o
#        D:\FINAL_MAGS\EWARM\FINAL_MAGS\Obj\stm32f1xx_hal_gpio.o
#        D:\FINAL_MAGS\EWARM\FINAL_MAGS\Obj\stm32f1xx_hal_gpio_ex.o
#        D:\FINAL_MAGS\EWARM\FINAL_MAGS\Obj\stm32f1xx_hal_msp.o
#        D:\FINAL_MAGS\EWARM\FINAL_MAGS\Obj\stm32f1xx_hal_pwr.o
#        D:\FINAL_MAGS\EWARM\FINAL_MAGS\Obj\stm32f1xx_hal_rcc.o
#        D:\FINAL_MAGS\EWARM\FINAL_MAGS\Obj\stm32f1xx_hal_rcc_ex.o
#        D:\FINAL_MAGS\EWARM\FINAL_MAGS\Obj\stm32f1xx_hal_tim.o
#        D:\FINAL_MAGS\EWARM\FINAL_MAGS\Obj\stm32f1xx_hal_tim_ex.o
#        D:\FINAL_MAGS\EWARM\FINAL_MAGS\Obj\stm32f1xx_hal_uart.o
#        D:\FINAL_MAGS\EWARM\FINAL_MAGS\Obj\stm32f1xx_it.o
#        D:\FINAL_MAGS\EWARM\FINAL_MAGS\Obj\system_stm32f1xx.o
#        D:\FINAL_MAGS\EWARM\FINAL_MAGS\Obj\UART.o
#        D:\FINAL_MAGS\EWARM\FINAL_MAGS\Obj\water_mot.o --redirect
#        _Printf=_PrintfFull --redirect _Scanf=_ScanfFull -o
#        D:\FINAL_MAGS\EWARM\FINAL_MAGS\Exe\FINAL_MAGS.out --map
#        D:\FINAL_MAGS\EWARM\FINAL_MAGS\List\FINAL_MAGS.map --config
#        D:\FINAL_MAGS\EWARM/stm32f103xe_flash.icf --semihosting --entry
#        __iar_program_start --vfe
#
###############################################################################

*******************************************************************************
*** RUNTIME MODEL ATTRIBUTES
***

CppFlavor                     = *
__Heap_Handler                = Basic
__SystemLibrary               = DLib
__dlib_dynamic_initialization = normal


*******************************************************************************
*** PLACEMENT SUMMARY
***

"A0":  place at 0x08000000 { ro section .intvec };
"P1":  place in [from 0x08000000 to 0x0807ffff] { ro };
"P2":  place in [from 0x20000000 to 0x2000ffff] { rw, block CSTACK, block HEAP };
initialize by copy { rw };

  Section             Kind        Address    Size  Object
  -------             ----        -------    ----  ------
"A0":                                       0x130
  .intvec             ro code  0x08000000   0x130  startup_stm32f103xe.o [1]
                             - 0x08000130   0x130

"P1":                                      0x59e0
  .text               ro code  0x08000130  0x118a  xprintffull.o [3]
  .text               ro code  0x080012ba    0x20  xmbtowc.o [3]
  .text               ro code  0x080012dc    0x16  strchr.o [5]
  .text               ro code  0x080012f4    0x36  strlen.o [5]
  .text               ro code  0x0800132c    0x58  memchr.o [5]
  .text               ro code  0x08001384     0xa  xmbcurmax.o [3]
  .text               ro code  0x08001390    0xb0  xxmemxmalloc.o [3]
  .text               ro code  0x08001440    0x1a  xwctomb.o [3]
  .text               ro code  0x0800145c    0x76  ABImemcpy_unaligned.o [5]
  .text               ro code  0x080014d4    0x80  xxmemxfree.o [3]
  .text               ro code  0x08001554    0xee  I64DivMod.o [5]
  .text               ro code  0x08001642    0x44  xdnorm.o [4]
  .text               ro code  0x08001688    0x2e  DblCmpLe.o [4]
  .text               ro code  0x080016b8    0x2e  DblCmpGe.o [4]
  .text               ro code  0x080016e8   0x10c  xdscale.o [4]
  .text               ro code  0x080017f4    0x58  DblToI32.o [4]
  .text               ro code  0x0800184c    0x30  I32ToDbl.o [4]
  .text               ro code  0x0800187c   0x180  DblSub.o [4]
  .text               ro code  0x080019fc   0x1a2  DblMul.o [4]
  .text               ro code  0x08001ba0   0x256  DblDiv.o [4]
  .text               ro code  0x08001df8    0x6c  localeconv.o [3]
  .text               ro code  0x08001e64     0xe  div.o [3]
  .text               ro code  0x08001e74    0x14  setlocale.o [3]
  .text               ro code  0x08001e88    0x60  xencoding_sb.o [3]
  .text               ro code  0x08001ee8    0x2c  xgetmemchunk.o [3]
  .text               ro code  0x08001f14     0x2  I64DivZer.o [5]
  .text               ro code  0x08001f18    0xe8  DblAdd.o [4]
  .text               ro code  0x08002000     0x2  xtls.o [3]
  .text               ro code  0x08002004   0xca4  main.o [1]
  .text               ro code  0x08002ca8   0x588  stm32f1xx_hal_uart.o [1]
  .text               ro code  0x08003230    0x98  stm32f1xx_hal.o [1]
  .text               ro code  0x080032c8    0x6c  B_ADC.o [1]
  .text               ro code  0x08003334   0x1d8  stm32f1xx_hal_gpio.o [1]
  .text               ro code  0x0800350c   0x526  stm32f1xx_hal_adc.o [1]
  .text               ro code  0x08003a34   0x440  stm32f1xx_hal_can.o [1]
  .text               ro code  0x08003e74   0x616  stm32f1xx_hal_tim.o [1]
  .text               ro code  0x0800448c    0x1c  water_mot.o [1]
  .text               ro code  0x080044a8     0x6  ABImemclr4.o [5]
  .text               ro code  0x080044b0    0x24  printf.o [3]
  .text               ro code  0x080044d4    0xcc  atan2.o [4]
  .text               ro code  0x080045a0   0x178  GPS.o [1]
  .text               ro code  0x08004718   0x4ae  stm32f1xx_hal_rcc.o [1]
  .text               ro code  0x08004bc8   0x1ce  stm32f1xx_hal_rcc_ex.o [1]
  .text               ro code  0x08004d98    0xe2  stm32f1xx_hal_cortex.o [1]
  .text               ro code  0x08004e7c    0xac  stm32f1xx_hal_tim_ex.o [1]
  .text               ro code  0x08004f28   0x328  stm32f1xx_hal_msp.o [1]
  .text               ro code  0x08005250   0x11c  stm32f1xx_hal_dma.o [1]
  .text               ro code  0x0800536c   0x124  UART.o [1]
  .text               ro code  0x08005490    0x32  ABImemset48.o [5]
  .text               ro code  0x080054c2    0x32  xdtest.o [4]
  .text               ro code  0x080054f4    0x5c  system_stm32f1xx.o [1]
  .text               ro code  0x08005550   0x1e0  xatan.o [4]
  .text               ro code  0x08005730    0x84  main_mot.o [1]
  .text               ro code  0x080057b4    0x28  G_servo.o [1]
  .text               ro code  0x080057dc    0x78  lz77_init_single.o [5]
  .text               ro code  0x08005854    0x4c  stm32f1xx_it.o [1]
  .text               ro code  0x080058a0    0x40  zero_init3.o [5]
  .text               ro code  0x080058e0    0x28  data_init.o [5]
  .iar.init_table     const    0x08005908    0x20  - Linker created -
  .text               ro code  0x08005928    0x1a  cmain.o [5]
  .text               ro code  0x08005942     0x4  low_level_init.o [3]
  .text               ro code  0x08005946     0x4  exit.o [3]
  .text               ro code  0x0800594c     0xa  cexit.o [5]
  .text               ro code  0x08005958    0x14  exit.o [6]
  .text               ro code  0x0800596c    0x16  xprout.o [3]
  .text               ro code  0x08005984     0xc  putchar.o [3]
  .text               ro code  0x08005990    0x10  startup_stm32f103xe.o [1]
  .text               ro code  0x080059a0     0xc  cstartup_M.o [5]
  .rodata             const    0x080059ac     0x8  system_stm32f1xx.o [1]
  .text               ro code  0x080059b4     0x4  startup_stm32f103xe.o [1]
  .text               ro code  0x080059b8     0x4  startup_stm32f103xe.o [1]
  .text               ro code  0x080059bc     0x4  startup_stm32f103xe.o [1]
  .text               ro code  0x080059c0     0x4  startup_stm32f103xe.o [1]
  .text               ro code  0x080059c4     0x4  startup_stm32f103xe.o [1]
  .text               ro code  0x080059c8     0x4  startup_stm32f103xe.o [1]
  .text               ro code  0x080059cc     0x4  startup_stm32f103xe.o [1]
  .text               ro code  0x080059d0     0x4  startup_stm32f103xe.o [1]
  .text               ro code  0x080059d4     0x4  startup_stm32f103xe.o [1]
  .text               ro code  0x080059d8     0x4  startup_stm32f103xe.o [1]
  .text               ro code  0x080059dc     0x4  startup_stm32f103xe.o [1]
  .text               ro code  0x080059e0     0x4  startup_stm32f103xe.o [1]
  .text               ro code  0x080059e4     0x4  startup_stm32f103xe.o [1]
  .text               ro code  0x080059e8     0x4  startup_stm32f103xe.o [1]
  .text               ro code  0x080059ec     0x4  startup_stm32f103xe.o [1]
  .text               ro code  0x080059f0     0x4  startup_stm32f103xe.o [1]
  .text               ro code  0x080059f4     0x4  startup_stm32f103xe.o [1]
  .text               ro code  0x080059f8     0x4  startup_stm32f103xe.o [1]
  .text               ro code  0x080059fc     0x4  startup_stm32f103xe.o [1]
  .text               ro code  0x08005a00     0x4  startup_stm32f103xe.o [1]
  .text               ro code  0x08005a04     0x4  startup_stm32f103xe.o [1]
  .text               ro code  0x08005a08     0x4  startup_stm32f103xe.o [1]
  .text               ro code  0x08005a0c     0x4  startup_stm32f103xe.o [1]
  .text               ro code  0x08005a10     0x4  startup_stm32f103xe.o [1]
  .text               ro code  0x08005a14     0x4  startup_stm32f103xe.o [1]
  .text               ro code  0x08005a18     0x4  startup_stm32f103xe.o [1]
  .text               ro code  0x08005a1c     0x4  startup_stm32f103xe.o [1]
  .text               ro code  0x08005a20     0x4  startup_stm32f103xe.o [1]
  .text               ro code  0x08005a24     0x4  startup_stm32f103xe.o [1]
  .text               ro code  0x08005a28     0x4  startup_stm32f103xe.o [1]
  .text               ro code  0x08005a2c     0x4  startup_stm32f103xe.o [1]
  .text               ro code  0x08005a30     0x4  startup_stm32f103xe.o [1]
  .text               ro code  0x08005a34     0x4  startup_stm32f103xe.o [1]
  .text               ro code  0x08005a38     0x4  startup_stm32f103xe.o [1]
  .text               ro code  0x08005a3c     0x4  startup_stm32f103xe.o [1]
  .text               ro code  0x08005a40     0x4  startup_stm32f103xe.o [1]
  .text               ro code  0x08005a44     0x4  startup_stm32f103xe.o [1]
  .text               ro code  0x08005a48     0x4  startup_stm32f103xe.o [1]
  .text               ro code  0x08005a4c     0x4  startup_stm32f103xe.o [1]
  .text               ro code  0x08005a50     0x4  startup_stm32f103xe.o [1]
  .text               ro code  0x08005a54     0x4  startup_stm32f103xe.o [1]
  .text               ro code  0x08005a58     0x4  startup_stm32f103xe.o [1]
  .text               ro code  0x08005a5c     0x4  startup_stm32f103xe.o [1]
  .text               ro code  0x08005a60     0x4  startup_stm32f103xe.o [1]
  .text               ro code  0x08005a64     0x4  startup_stm32f103xe.o [1]
  .text               ro code  0x08005a68     0x4  startup_stm32f103xe.o [1]
  .text               ro code  0x08005a6c     0x4  startup_stm32f103xe.o [1]
  .text               ro code  0x08005a70     0x4  startup_stm32f103xe.o [1]
  .text               ro code  0x08005a74     0x4  startup_stm32f103xe.o [1]
  .text               ro code  0x08005a78     0x4  startup_stm32f103xe.o [1]
  .text               ro code  0x08005a7c     0x4  startup_stm32f103xe.o [1]
  .text               ro code  0x08005a80     0x4  startup_stm32f103xe.o [1]
  .text               ro code  0x08005a84     0x4  startup_stm32f103xe.o [1]
  .text               ro code  0x08005a88     0x4  startup_stm32f103xe.o [1]
  .text               ro code  0x08005a8c     0x4  startup_stm32f103xe.o [1]
  .rodata             const    0x08005a90     0x0  zero_init3.o [5]
  .rodata             const    0x08005a90     0x0  lz77_init_single.o [5]
  Initializer bytes   const    0x08005a90    0x80  <for P2-1>
                             - 0x08005b10  0x59e0

"P2", part 1 of 3:                          0x260
  P2-1                         0x20000000   0x260  <Init block>
    .data             inited   0x20000000    0x24  G_servo.o [1]
    .data             inited   0x20000024    0x7c  main.o [1]
    .data             inited   0x200000a0    0x20  main_mot.o [1]
    .data             inited   0x200000c0    0x2c  main_mot.o [1]
    .data             inited   0x200000ec     0xc  stm32f1xx_hal.o [1]
    .data             inited   0x200000f8     0x4  system_stm32f1xx.o [1]
    .data             inited   0x200000fc    0x28  UART.o [1]
    .data             inited   0x20000124    0x40  xfiles.o [3]
    __DLIB_PERTHREAD  inited   0x20000164    0x88  localeconv.o [3]
    __DLIB_PERTHREAD  inited   0x200001ec    0x74  setlocale.o [3]
                             - 0x20000260   0x260

"P2", part 2 of 3:                          0x600
  CSTACK                       0x20000260   0x400  <Block>
    CSTACK            uninit   0x20000260   0x400  <Block tail>
  HEAP                         0x20000660   0x200  <Block>
    HEAP              uninit   0x20000660   0x200  <Block tail>
                             - 0x20000860   0x600

"P2", part 3 of 3:                          0x2b0
  .bss                zero     0x20000860   0x191  main.o [1]
  .bss                zero     0x200009f4    0x50  xfiles.o [3]
  .bss                zero     0x20000a44     0x4  xgetmemchunk.o [3]
  .bss                zero     0x20000a48    0x40  GPS.o [1]
  .bss                zero     0x20000a88    0x40  main.o [1]
  .bss                zero     0x20000ac8    0x40  main.o [1]
  .bss                zero     0x20000b08     0x8  xxmemxmalloc.o [3]
                             - 0x20000b10   0x2b0


*******************************************************************************
*** INIT TABLE
***

          Address     Size
          -------     ----
Zero (__iar_zero_init3)
    1 destination range, total size 0x2b0:
          0x20000860  0x2b0

Copy/lz77 (__iar_lz77_init_single3)
    1 source range, total size 0x80 (21% of destination):
          0x08005a90   0x80
    1 destination range, total size 0x260:
          0x20000000  0x260



*******************************************************************************
*** MODULE SUMMARY
***

    Module                  ro code  ro data  rw data
    ------                  -------  -------  -------
D:\FINAL_MAGS\EWARM\FINAL_MAGS\Obj: [1]
    B_ADC.o                     108
    GPS.o                       376                64
    G_servo.o                    40        7       36
    UART.o                      292        8       40
    main.o                    3 236       26      653
    main_mot.o                  132       16       76
    startup_stm32f103xe.o       540
    stm32f1xx_hal.o             152        3       12
    stm32f1xx_hal_adc.o       1 318
    stm32f1xx_hal_can.o       1 088
    stm32f1xx_hal_cortex.o      226
    stm32f1xx_hal_dma.o         284
    stm32f1xx_hal_gpio.o        472
    stm32f1xx_hal_msp.o         808
    stm32f1xx_hal_rcc.o       1 198
    stm32f1xx_hal_rcc_ex.o      462
    stm32f1xx_hal_tim.o       1 558
    stm32f1xx_hal_tim_ex.o      172
    stm32f1xx_hal_uart.o      1 416
    stm32f1xx_it.o               76
    system_stm32f1xx.o           92        9        4
    water_mot.o                  28
    -------------------------------------------------
    Total:                   14 074       69      885

command line: [2]
    -------------------------------------------------
    Total:

dl7M_tlf.a: [3]
    div.o                        14
    exit.o                        4
    localeconv.o                108       29      136
    low_level_init.o              4
    printf.o                     36
    putchar.o                    12
    setlocale.o                  20       25      116
    xencoding_sb.o               96
    xfiles.o                              13      144
    xgetmemchunk.o               44                 4
    xmbcurmax.o                  10
    xmbtowc.o                    32
    xprintffull.o             4 490
    xprout.o                     22
    xtls.o                        2
    xwctomb.o                    26
    xxmemxfree.o                128
    xxmemxmalloc.o              176                 8
    -------------------------------------------------
    Total:                    5 224       67      408

m7M_tl.a: [4]
    DblAdd.o                    232
    DblCmpGe.o                   46
    DblCmpLe.o                   46
    DblDiv.o                    598
    DblMul.o                    418
    DblSub.o                    384
    DblToI32.o                   88
    I32ToDbl.o                   48
    atan2.o                     204
    xatan.o                     480
    xdnorm.o                     68
    xdscale.o                   268
    xdtest.o                     50
    -------------------------------------------------
    Total:                    2 930

rt7M_tl.a: [5]
    ABImemclr4.o                  6
    ABImemcpy_unaligned.o       118
    ABImemset48.o                50
    I64DivMod.o                 238
    I64DivZer.o                   2
    cexit.o                      10
    cmain.o                      26
    cstartup_M.o                 12
    data_init.o                  40
    lz77_init_single.o          120
    memchr.o                     88
    strchr.o                     22
    strlen.o                     54
    zero_init3.o                 64
    -------------------------------------------------
    Total:                      850

shb_l.a: [6]
    exit.o                       20
    -------------------------------------------------
    Total:                       20

    Gaps                         46                 3
    Linker created                        32    1 536
-----------------------------------------------------
    Grand Total:             23 144      168    2 832


*******************************************************************************
*** ENTRY LIST
***

Entry                      Address   Size  Type      Object
-----                      -------   ----  ----      ------
.iar.init_table$$Base   0x08005908          --   Gb  - Linker created -
.iar.init_table$$Limit  0x08005928          --   Gb  - Linker created -
?main                   0x08005929         Code  Gb  cmain.o [5]
ADC_ConversionStop_Disable
                        0x080039e1   0x44  Code  Gb  stm32f1xx_hal_adc.o [1]
ADC_Enable              0x0800393b   0x68  Code  Gb  stm32f1xx_hal_adc.o [1]
AHBPrescTable           0x08005540   0x10  Data  Gb  system_stm32f1xx.o [1]
APBPrescTable           0x080059ac    0x8  Data  Gb  system_stm32f1xx.o [1]
Aa                      0x200009d0    0x8  Data  Gb  main.o [1]
Al                      0x200009c0    0x8  Data  Gb  main.o [1]
Bat_check               0x080032c9   0x52  Code  Gb  B_ADC.o [1]
BusFault_Handler        0x0800585b    0x2  Code  Gb  stm32f1xx_it.o [1]
CAN_Receive_IT          0x08003d3f  0x112  Code  Lc  stm32f1xx_hal_can.o [1]
CSTACK$$Base            0x20000260          --   Gb  - Linker created -
CSTACK$$Limit           0x20000660          --   Gb  - Linker created -
DGPS                    0x20000874   0x14  Data  Gb  main.o [1]
DLAT                    0x20000894    0xc  Data  Gb  main.o [1]
DLONG                   0x20000888    0xc  Data  Gb  main.o [1]
Da                      0x200009d8    0x8  Data  Gb  main.o [1]
DebugMon_Handler        0x08005861    0x2  Code  Gb  stm32f1xx_it.o [1]
Dl                      0x200009c8    0x8  Data  Gb  main.o [1]
Dlat                    0x200008a0    0xc  Data  Gb  main.o [1]
Dlatitude               0x200009e0    0x8  Data  Gb  main.o [1]
Dlong                   0x200008ac    0xc  Data  Gb  main.o [1]
Dlongtitude             0x200009e8    0x8  Data  Gb  main.o [1]
G_dir                   0x2000011c    0x4  Data  Gb  UART.o [1]
G_direction             0x20000000   0x24  Data  Gb  G_servo.o [1]
HAL_ADC_ConfigChannel   0x08003841   0xe2  Code  Gb  stm32f1xx_hal_adc.o [1]
HAL_ADC_GetValue        0x0800383b    0x6  Code  Gb  stm32f1xx_hal_adc.o [1]
HAL_ADC_Init            0x0800350d  0x110  Code  Gb  stm32f1xx_hal_adc.o [1]
HAL_ADC_MspInit         0x08004fbd   0x36  Code  Gb  stm32f1xx_hal_msp.o [1]
HAL_ADC_PollForConversion
                        0x08003667  0x13a  Code  Gb  stm32f1xx_hal_adc.o [1]
HAL_ADC_Start           0x0800361d   0x4a  Code  Gb  stm32f1xx_hal_adc.o [1]
HAL_CAN_ErrorCallback   0x08003d3d    0x2  Code  Wk  stm32f1xx_hal_can.o [1]
HAL_CAN_IRQHandler      0x08003b37  0x1e4  Code  Gb  stm32f1xx_hal_can.o [1]
HAL_CAN_Init            0x08003a35   0xe6  Code  Gb  stm32f1xx_hal_can.o [1]
HAL_CAN_MspInit         0x08004ff3   0x72  Code  Gb  stm32f1xx_hal_msp.o [1]
HAL_CAN_RxCpltCallback  0x08003d3b    0x2  Code  Wk  stm32f1xx_hal_can.o [1]
HAL_CAN_TxCpltCallback  0x08003d39    0x2  Code  Wk  stm32f1xx_hal_can.o [1]
HAL_DMA_Abort_IT        0x08005251   0xe2  Code  Gb  stm32f1xx_hal_dma.o [1]
HAL_Delay               0x0800329b   0x22  Code  Wk  stm32f1xx_hal.o [1]
HAL_GPIO_Init           0x08003335  0x188  Code  Gb  stm32f1xx_hal_gpio.o [1]
HAL_GPIO_ReadPin        0x080034bd    0xc  Code  Gb  stm32f1xx_hal_gpio.o [1]
HAL_GPIO_WritePin       0x080034c9    0x8  Code  Gb  stm32f1xx_hal_gpio.o [1]
HAL_GetTick             0x08003295    0x6  Code  Wk  stm32f1xx_hal.o [1]
HAL_IncTick             0x08003289    0xc  Code  Wk  stm32f1xx_hal.o [1]
HAL_Init                0x08003231   0x20  Code  Gb  stm32f1xx_hal.o [1]
HAL_InitTick            0x08003251   0x38  Code  Wk  stm32f1xx_hal.o [1]
HAL_MspInit             0x08004f29   0x94  Code  Gb  stm32f1xx_hal_msp.o [1]
HAL_NVIC_EnableIRQ      0x08004e07    0xc  Code  Gb  stm32f1xx_hal_cortex.o [1]
HAL_NVIC_SetPriority    0x08004dcd   0x3a  Code  Gb  stm32f1xx_hal_cortex.o [1]
HAL_NVIC_SetPriorityGrouping
                        0x08004db3   0x1a  Code  Gb  stm32f1xx_hal_cortex.o [1]
HAL_RCCEx_GetPeriphCLKFreq
                        0x08004ca5   0xc8  Code  Gb  stm32f1xx_hal_rcc_ex.o [1]
HAL_RCCEx_PeriphCLKConfig
                        0x08004bc9   0xdc  Code  Gb  stm32f1xx_hal_rcc_ex.o [1]
HAL_RCC_ClockConfig     0x080049f3  0x10a  Code  Gb  stm32f1xx_hal_rcc.o [1]
HAL_RCC_GetHCLKFreq     0x08004b5f    0x6  Code  Gb  stm32f1xx_hal_rcc.o [1]
HAL_RCC_GetPCLK1Freq    0x08004b65   0x10  Code  Gb  stm32f1xx_hal_rcc.o [1]
HAL_RCC_GetPCLK2Freq    0x08004b75    0xe  Code  Gb  stm32f1xx_hal_rcc.o [1]
HAL_RCC_GetSysClockFreq
                        0x08004b11   0x4e  Code  Gb  stm32f1xx_hal_rcc.o [1]
HAL_RCC_OscConfig       0x08004719  0x2d2  Code  Gb  stm32f1xx_hal_rcc.o [1]
HAL_SYSTICK_CLKSourceConfig
                        0x08004e43   0x14  Code  Gb  stm32f1xx_hal_cortex.o [1]
HAL_SYSTICK_Callback    0x08004e79    0x2  Code  Wk  stm32f1xx_hal_cortex.o [1]
HAL_SYSTICK_Config      0x08004e1b   0x28  Code  Gb  stm32f1xx_hal_cortex.o [1]
HAL_SYSTICK_IRQHandler  0x08004e71    0x8  Code  Gb  stm32f1xx_hal_cortex.o [1]
HAL_TIMEx_BreakCallback
                        0x08004f27    0x2  Code  Wk  stm32f1xx_hal_tim_ex.o [1]
HAL_TIMEx_CommutationCallback
                        0x08004f25    0x2  Code  Wk  stm32f1xx_hal_tim_ex.o [1]
HAL_TIMEx_ConfigBreakDeadTime
                        0x08004e89   0x52  Code  Gb  stm32f1xx_hal_tim_ex.o [1]
HAL_TIMEx_MasterConfigSynchronization
                        0x08004edb   0x4a  Code  Gb  stm32f1xx_hal_tim_ex.o [1]
HAL_TIM_Base_Init       0x08003e75   0x1a  Code  Gb  stm32f1xx_hal_tim.o [1]
HAL_TIM_Base_MspInit    0x08005065   0x64  Code  Gb  stm32f1xx_hal_msp.o [1]
HAL_TIM_Base_Start_IT   0x08003e8f   0x16  Code  Gb  stm32f1xx_hal_tim.o [1]
HAL_TIM_ConfigClockSource
                        0x08004141   0xa8  Code  Gb  stm32f1xx_hal_tim.o [1]
HAL_TIM_IC_CaptureCallback
                        0x08004215    0x2  Code  Wk  stm32f1xx_hal_tim.o [1]
HAL_TIM_IRQHandler      0x08003f21  0x14a  Code  Gb  stm32f1xx_hal_tim.o [1]
HAL_TIM_MspPostInit     0x080050c9   0x3e  Code  Gb  stm32f1xx_hal_msp.o [1]
HAL_TIM_OC_DelayElapsedCallback
                        0x08004213    0x2  Code  Wk  stm32f1xx_hal_tim.o [1]
HAL_TIM_PWM_ConfigChannel
                        0x0800406b   0xb8  Code  Gb  stm32f1xx_hal_tim.o [1]
HAL_TIM_PWM_Init        0x08003ecf   0x1a  Code  Gb  stm32f1xx_hal_tim.o [1]
HAL_TIM_PWM_MspInit     0x08003ef1    0x2  Code  Wk  stm32f1xx_hal_tim.o [1]
HAL_TIM_PWM_PulseFinishedCallback
                        0x08004217    0x2  Code  Wk  stm32f1xx_hal_tim.o [1]
HAL_TIM_PWM_Start       0x08003ef3   0x14  Code  Gb  stm32f1xx_hal_tim.o [1]
HAL_TIM_PeriodElapsedCallback
                        0x0800206f   0x32  Code  Gb  main.o [1]
HAL_TIM_TriggerCallback
                        0x08004219    0x2  Code  Wk  stm32f1xx_hal_tim.o [1]
HAL_UART_ErrorCallback  0x08003031    0x2  Code  Wk  stm32f1xx_hal_uart.o [1]
HAL_UART_IRQHandler     0x08002ee7  0x148  Code  Gb  stm32f1xx_hal_uart.o [1]
HAL_UART_Init           0x08002ca9   0x28  Code  Gb  stm32f1xx_hal_uart.o [1]
HAL_UART_MspInit        0x08005113   0xcc  Code  Gb  stm32f1xx_hal_msp.o [1]
HAL_UART_Receive        0x08002db5   0xa6  Code  Gb  stm32f1xx_hal_uart.o [1]
HAL_UART_Receive_IT     0x08002e71   0x56  Code  Gb  stm32f1xx_hal_uart.o [1]
HAL_UART_RxCpltCallback
                        0x0800536d  0x10c  Code  Gb  UART.o [1]
HAL_UART_Transmit       0x08002d15   0xa0  Code  Gb  stm32f1xx_hal_uart.o [1]
HAL_UART_TxCpltCallback
                        0x0800302f    0x2  Code  Wk  stm32f1xx_hal_uart.o [1]
HEAP$$Base              0x20000660          --   Gb  - Linker created -
HEAP$$Limit             0x20000860          --   Gb  - Linker created -
HardFault_Handler       0x08005857    0x2  Code  Gb  stm32f1xx_it.o [1]
LoadInt                 0x08000797   0x6e  Code  Lc  xprintffull.o [3]
MX_TIM1_Init            0x08002a99   0xae  Code  Lc  main.o [1]
MX_TIM3_Init            0x08002b47   0x8a  Code  Lc  main.o [1]
M_dir                   0x20000118    0x4  Data  Gb  UART.o [1]
M_direction             0x200000c0   0x2c  Data  Gb  main_mot.o [1]
M_spd                   0x20000114    0x4  Data  Gb  UART.o [1]
M_speed                 0x200000a0   0x20  Data  Gb  main_mot.o [1]
MemManage_Handler       0x08005859    0x2  Code  Gb  stm32f1xx_it.o [1]
NMI_Handler             0x08005855    0x2  Code  Gb  stm32f1xx_it.o [1]
NVIC_SetPriority        0x08004d99   0x1a  Code  Lc  stm32f1xx_hal_cortex.o [1]
PendSV_Handler          0x08005863    0x2  Code  Gb  stm32f1xx_it.o [1]
Region$$Table$$Base     0x08005908          --   Gb  - Linker created -
Region$$Table$$Limit    0x08005928          --   Gb  - Linker created -
SVC_Handler             0x0800585f    0x2  Code  Gb  stm32f1xx_it.o [1]
SysTick_Handler         0x08005865    0xe  Code  Gb  stm32f1xx_it.o [1]
SystemClock_Config      0x08002a11   0x88  Code  Gb  main.o [1]
SystemCoreClock         0x200000f8    0x4  Data  Gb  system_stm32f1xx.o [1]
SystemInit              0x080054f5   0x3a  Code  Gb  system_stm32f1xx.o [1]
TIM7_IRQHandler         0x08005889    0x6  Code  Gb  stm32f1xx_it.o [1]
TIM_Base_SetConfig      0x0800421b   0x76  Code  Gb  stm32f1xx_hal_tim.o [1]
TIM_CCxChannelCmd       0x08004473   0x18  Code  Gb  stm32f1xx_hal_tim.o [1]
TIM_ETR_SetConfig       0x0800445f   0x14  Code  Lc  stm32f1xx_hal_tim.o [1]
TIM_ITRx_SetConfig      0x0800444f   0x10  Code  Lc  stm32f1xx_hal_tim.o [1]
TIM_OC1_SetConfig       0x08004293   0x52  Code  Lc  stm32f1xx_hal_tim.o [1]
TIM_OC2_SetConfig       0x080042e5   0x60  Code  Gb  stm32f1xx_hal_tim.o [1]
TIM_OC3_SetConfig       0x08004345   0x58  Code  Lc  stm32f1xx_hal_tim.o [1]
TIM_OC4_SetConfig       0x080043a9   0x46  Code  Lc  stm32f1xx_hal_tim.o [1]
TIM_TI1_ConfigInputStage
                        0x08004409   0x22  Code  Lc  stm32f1xx_hal_tim.o [1]
TIM_TI2_ConfigInputStage
                        0x0800442b   0x24  Code  Lc  stm32f1xx_hal_tim.o [1]
UART_DMAAbortOnError    0x080030a5   0x10  Code  Lc  stm32f1xx_hal_uart.o [1]
UART_EndRxTransfer      0x08003089   0x1c  Code  Lc  stm32f1xx_hal_uart.o [1]
UART_Receive_IT         0x080030b5   0x80  Code  Lc  stm32f1xx_hal_uart.o [1]
UART_SetConfig          0x0800314b   0xdc  Code  Lc  stm32f1xx_hal_uart.o [1]
UART_WaitOnFlagUntilTimeout
                        0x08003033   0x56  Code  Lc  stm32f1xx_hal_uart.o [1]
USART1_IRQHandler       0x0800587d    0x6  Code  Gb  stm32f1xx_it.o [1]
USART2_IRQHandler       0x08005883    0x6  Code  Gb  stm32f1xx_it.o [1]
USB_HP_CAN1_TX_IRQHandler
                        0x08005873    0x2  Code  Gb  stm32f1xx_it.o [1]
USB_LP_CAN1_RX0_IRQHandler
                        0x08005875    0x2  Code  Gb  stm32f1xx_it.o [1]
UsageFault_Handler      0x0800585d    0x2  Code  Gb  stm32f1xx_it.o [1]
YAW                     0x20000a50   0x1c  Data  Gb  GPS.o [1]
Yaw                     0x20000a70    0x8  Data  Gb  GPS.o [1]
YawP                    0x20000a48    0x8  Data  Gb  GPS.o [1]
Yaw_Parse               0x080045a1  0x15c  Code  Gb  GPS.o [1]
_EncodingSb_Mbtowc      0x08001ea3   0x30  Code  Gb  xencoding_sb.o [3]
_EncodingSb_Mbtowc::initial
                        0x08001ee0    0x8  Data  Lc  xencoding_sb.o [3]
_EncodingSb_Wctomb      0x08001e89   0x1a  Code  Gb  xencoding_sb.o [3]
_EncodingSb_Wctomb::initial
                        0x08001ed8    0x8  Data  Lc  xencoding_sb.o [3]
_GenldFull              0x0800101d  0x254  Code  Lc  xprintffull.o [3]
_IsdstStr               0x200001f0    0x4  Data  Gb  setlocale.o [3]
_LdtobFull              0x08000c1d  0x3fa  Code  Lc  xprintffull.o [3]
_LitobFull              0x08000b11  0x10a  Code  Lc  xprintffull.o [3]
_LocaleEncoding         0x08001e75    0xe  Code  Gb  setlocale.o [3]
_LocaleReturnString     0x20000210   0x50  Data  Lc  setlocale.o [3]
_Locale_Profile         0x200001f4   0x1c  Data  Gb  setlocale.o [3]
_Locale_aeabi_lconv     0x200001b4   0x38  Data  Gb  localeconv.o [3]
_Locale_lconv           0x20000164   0x50  Data  Gb  localeconv.o [3]
_Mbtowc                 0x080012bb   0x20  Code  Gb  xmbtowc.o [3]
_PrintfFull             0x08000131  0x650  Code  Gb  xprintffull.o [3]
_Prout                  0x0800596d   0x16  Code  Gb  xprout.o [3]
_PutcharsFull           0x08001271   0x2e  Code  Lc  xprintffull.o [3]
_PutstrFull             0x08000805  0x306  Code  Lc  xprintffull.o [3]
_TzoneStr               0x200001ec    0x4  Data  Gb  setlocale.o [3]
_Wctomb                 0x08001441   0x1a  Code  Gb  xwctomb.o [3]
__aeabi_cdcmple         0x08001689         Code  Gb  DblCmpLe.o [4]
__aeabi_cdrcmple        0x080016b9         Code  Gb  DblCmpGe.o [4]
__aeabi_d2iz            0x080017f5         Code  Gb  DblToI32.o [4]
__aeabi_d2uiz           0x08001821         Code  Gb  DblToI32.o [4]
__aeabi_dadd            0x08001f19         Code  Gb  DblAdd.o [4]
__aeabi_ddiv            0x08001ba1         Code  Gb  DblDiv.o [4]
__aeabi_dmul            0x080019fd         Code  Gb  DblMul.o [4]
__aeabi_dsub            0x0800187d         Code  Gb  DblSub.o [4]
__aeabi_i2d             0x0800184d         Code  Gb  I32ToDbl.o [4]
__aeabi_ldiv0           0x08001f15         Code  Gb  I64DivZer.o [5]
__aeabi_memclr4         0x080044a9         Code  Gb  ABImemclr4.o [5]
__aeabi_ui2d            0x08001861         Code  Gb  I32ToDbl.o [4]
__aeabi_uldivmod        0x08001555         Code  Gb  I64DivMod.o [5]
__cmain                 0x08005929         Code  Gb  cmain.o [5]
__data_Aldata           0x20000b08    0x8  Data  Gb  xxmemxmalloc.o [3]
__data_GetMemChunk      0x08001ee9   0x2c  Code  Gb  xgetmemchunk.o [3]
__data_GetMemChunk::start
                        0x20000a44    0x4  Data  Lc  xgetmemchunk.o [3]
__exit                  0x08005959   0x14  Code  Gb  exit.o [6]
__iar_Atan              0x08005551  0x148  Code  Gb  xatan.o [4]
__iar_Dnorm             0x08001643   0x44  Code  Gb  xdnorm.o [4]
__iar_Dscale            0x080016e9  0x10c  Code  Gb  xdscale.o [4]
__iar_Dtest             0x080054c3   0x32  Code  Gb  xdtest.o [4]
__iar_Locale_lconv_init
                        0x08001df9   0x3a  Code  Gb  localeconv.o [3]
__iar_Mbcurmax          0x08001385    0xa  Code  Gb  xmbcurmax.o [3]
__iar_Memchr            0x0800132d         Code  Gb  memchr.o [5]
__iar_Memset4_word      0x08005491         Code  Gb  ABImemset48.o [5]
__iar_Memset8_word      0x08005491         Code  Gb  ABImemset48.o [5]
__iar_Stdout            0x20000124   0x40  Data  Gb  xfiles.o [3]
__iar_Strchr            0x080012dd         Code  Gb  strchr.o [5]
__iar_d2uiz             0x0800182d         Code  Gb  DblToI32.o [4]
__iar_dadd              0x08001f2d         Code  Gb  DblAdd.o [4]
__iar_data_init3        0x080058e1   0x28  Code  Gb  data_init.o [5]
__iar_dlib_perthread_access
                        0x08002001    0x2  Code  Gb  xtls.o [3]
__iar_dsub              0x08001891         Code  Gb  DblSub.o [4]
__iar_dsubStart         0x080018a3         Code  Gb  DblSub.o [4]
__iar_lz77_init_single3
                        0x080057dd   0x78  Code  Gb  lz77_init_single.o [5]
__iar_program_start     0x080059a1         Code  Gb  cstartup_M.o [5]
__iar_ui2d              0x08001865         Code  Gb  I32ToDbl.o [4]
__iar_unaligned___aeabi_memcpy
                        0x0800145d         Code  Gb  ABImemcpy_unaligned.o [5]
__iar_unaligned___aeabi_memcpy4
                        0x0800147d         Code  Gb  ABImemcpy_unaligned.o [5]
__iar_unaligned___aeabi_memcpy8
                        0x0800147d         Code  Gb  ABImemcpy_unaligned.o [5]
__iar_zero_init3        0x080058a1   0x40  Code  Gb  zero_init3.o [5]
__low_level_init        0x08005943    0x4  Code  Gb  low_level_init.o [3]
__vector_table          0x08000000         Data  Gb  startup_stm32f103xe.o [1]
_call_main              0x08005935         Code  Gb  cmain.o [5]
_exit                   0x0800594d         Code  Gb  cexit.o [5]
_main                   0x0800593f         Code  Gb  cmain.o [5]
a                       0x080056f0   0x40  Data  Lc  xatan.o [4]
atan2                   0x080044d5   0xcc  Code  Gb  atan2.o [4]
bat_value               0x2000009c    0x4  Data  Gb  main.o [1]
buffer                  0x200009f0    0x1  Data  Gb  main.o [1]
div                     0x08001e65    0xe  Code  Gb  div.o [3]
exit                    0x08005947    0x4  Code  Gb  exit.o [3]
flag_1                  0x200000fc    0x4  Data  Gb  UART.o [1]
flag_2                  0x20000100    0x4  Data  Gb  UART.o [1]
flag_3                  0x20000104    0x4  Data  Gb  UART.o [1]
flag_4                  0x20000108    0x4  Data  Gb  UART.o [1]
flag_5                  0x2000010c    0x4  Data  Gb  UART.o [1]
flag_6                  0x20000120    0x4  Data  Gb  UART.o [1]
fputc                   0x08002005   0x1e  Code  Gb  main.o [1]
free                    0x080014d5   0x7a  Code  Gb  xxmemxfree.o [3]
hadc1                   0x20000024   0x30  Data  Gb  main.o [1]
hcan                    0x200008b8   0x44  Data  Gb  main.o [1]
htim1                   0x20000054   0x40  Data  Gb  main.o [1]
htim3                   0x20000a88   0x40  Data  Gb  main.o [1]
htim7                   0x2000097c   0x40  Data  Gb  main.o [1]
huart1                  0x20000ac8   0x40  Data  Gb  main.o [1]
huart2                  0x200008fc   0x40  Data  Gb  main.o [1]
huart3                  0x2000093c   0x40  Data  Gb  main.o [1]
intyaw1                 0x20000a78    0x4  Data  Gb  GPS.o [1]
intyaw2                 0x20000a7c    0x4  Data  Gb  GPS.o [1]
intyaw3                 0x20000a80    0x4  Data  Gb  GPS.o [1]
intyaw4                 0x20000a84    0x4  Data  Gb  GPS.o [1]
localeconv              0x08001e33   0x16  Code  Gb  localeconv.o [3]
main                    0x080020a1  0x846  Code  Gb  main.o [1]
main_mot_dir            0x0800575f   0x1e  Code  Gb  main_mot.o [1]
main_mot_speed          0x08005731   0x2e  Code  Gb  main_mot.o [1]
malloc                  0x08001391   0xac  Code  Gb  xxmemxmalloc.o [3]
memchr                  0x0800132d         Code  Gb  memchr.o [5]
obuf                    0x200009f4   0x50  Data  Lc  xfiles.o [3]
printf                  0x080044b1   0x24  Code  Gb  printf.o [3]
putchar                 0x08005985    0xc  Code  Gb  putchar.o [3]
reset_state             0x08002023   0x4c  Code  Gb  main.o [1]
servo                   0x20000098    0x4  Data  Gb  main.o [1]
servo_mot_dir           0x080057b5   0x16  Code  Gb  G_servo.o [1]
stop_flag               0x20000110    0x4  Data  Gb  UART.o [1]
strchr                  0x080012dd         Code  Gb  strchr.o [5]
strlen                  0x080012f5         Code  Gb  strlen.o [5]
tim_sec                 0x20000094    0x4  Data  Gb  main.o [1]
tmp                     0x20000860   0x14  Data  Gb  main.o [1]
uwTick                  0x200000f0    0x4  Data  Gb  stm32f1xx_hal.o [1]
uwTickFreq              0x200000ec    0x1  Data  Gb  stm32f1xx_hal.o [1]
uwTickPrio              0x200000f4    0x4  Data  Gb  stm32f1xx_hal.o [1]
water_mot_con           0x0800448d   0x1c  Code  Gb  water_mot.o [1]


[1] = D:\FINAL_MAGS\EWARM\FINAL_MAGS\Obj
[2] = command line
[3] = dl7M_tlf.a
[4] = m7M_tl.a
[5] = rt7M_tl.a
[6] = shb_l.a

  23 144 bytes of readonly  code memory
     168 bytes of readonly  data memory
   2 832 bytes of readwrite data memory

Errors: none
Warnings: none
